[INFO] Scanning for projects...
[WARNING] 
[WARNING] Some problems were encountered while building the effective model for com.alchemain:reactor:war:0.1
[WARNING] 'dependencies.dependency.version' for com.logentries:logentries-appender:jar is either LATEST or RELEASE (both of them are being deprecated) @ line 116, column 13
[WARNING] 
[WARNING] It is highly recommended to fix these problems because they threaten the stability of your build.
[WARNING] 
[WARNING] For this reason, future Maven versions might no longer support building such malformed projects.
[WARNING] 
[INFO] 
[INFO] -----------------------< com.alchemain:reactor >------------------------
[INFO] Building Reactor Messaging System 0.1
[INFO]   from pom.xml
[INFO] --------------------------------[ war ]---------------------------------
[INFO] 
[INFO] --- dependency:3.7.0:get (default-cli) @ reactor ---
[INFO] Resolving io.netty:netty-handler:jar:4.2.17.Final with transitive dependencies
[INFO] ------------------------------------------------------------------------
[INFO] BUILD FAILURE
[INFO] ------------------------------------------------------------------------
[INFO] Total time:  2.166 s
[INFO] Finished at: 2026-08-20T22:43:38+05:00
[INFO] ------------------------------------------------------------------------
[ERROR] Failed to execute goal org.apache.maven.plugins:maven-dependency-plugin:3.7.0:get (default-cli) on project reactor: Couldn't download artifact: org.eclipse.aether.resolution.DependencyResolutionException: The following artifacts could not be resolved: io.netty:netty-tcnative:jar:${os.detected.classifier}:2.0.81.Final (absent): io.netty:netty-tcnative:jar:${os.detected.classifier}:2.0.81.Final was not found in https://repo.maven.apache.org/maven2 during a previous attempt. This failure was cached in the local repository and resolution is not reattempted until the update interval of central has elapsed or updates are forced -> [Help 1]
[ERROR] 
[ERROR] To see the full stack trace of the errors, re-run Maven with the -e switch.
[ERROR] Re-run Maven using the -X switch to enable full debug logging.
[ERROR] 
[ERROR] For more information about the errors and possible solutions, please read the following articles:
[ERROR] [Help 1] http://cwiki.apache.org/confluence/display/MAVEN/MojoExecutionException
